<!-- =================================================== general stuff -->

<tit_move>move</tit_move>
<bt_apply>Apply</bt_apply>
<bt_save>Save</bt_save>
<bt_hide>X</bt_hide>
<bt_add>Ok</bt_add>
<bt_send>Send</bt_send>

<tit_active>active</tit_active>
<al_empty>Some inputs are empty</al_empty>

<tit_button>Button</tit_button>
<tit_insert>Write your comment here</tit_insert>

<!-- =================================================== Preferences -->

<tit_settings>Preferences</tit_settings>

<tit_presettings>Basics</tit_presettings>

<lang_tit>Language selection</lang_tit>
<lang_dest><img src='http://www.kingsage.de/img/arrow_right_raquo.png' /><img src='http://www.kingsage.de/img/arrow_right_raquo.png' /> Everywhere</lang_dest>
<lang_info>Select your language</lang_info>

<!-- -->
<premium_tit>Premium account</premium_tit>
<premium_dest><img src='http://www.kingsage.de/img/arrow_right_raquo.png' /><img src='http://www.kingsage.de/img/arrow_right_raquo.png' /> Everywhere</premium_dest>
<premium_info> Equips premium accounts with additional functionality. Do not activate this function without premium.</premium_info>

<lang>EN</lang>

<!-- =================================================== Windows -->

<tit_moveable_windows>Moveable Windows</tit_moveable_windows>

<notepad_tit>Notepad</notepad_tit>
<notepad_dest>Additional moveable window</notepad_dest>
<notepad_info>A notepad up to ten pages including BB-Code. The pencil symbol activates the edit mode, a click on the eye symbol switches back to the read mode.</notepad_info>

<!-- -->
<chat_tit>Chat</chat_tit>
<chat_dest>Additional moveable window</chat_dest>
<chat_info>A worldwide chat with other users of Kingsage. Different chatrooms are available.</chat_info>

<tit_liable>The author of the chat is not responsible for the written text.</tit_liable>

<!-- -->
<countdown_tit>Countdown</countdown_tit>
<countdown_dest>Additional moveable window</countdown_dest>
<countdown_info>Apply a free list of decreasing countdowns.<br />Entries have to be formatted as Month/Day/Hour/Minute/Second.</countdown_info>

<tit_wrong_countdown>No text entered or wrong time format.</tit_wrong_countdown>
<tit_month>Month</tit_month>
<tit_day>Day</tit_day>
<tit_hour>Hour</tit_hour>
<tit_min>Minute</tit_min>
<tit_sec>Second</tit_sec>
<tit_end>passed</tit_end>

<!-- -->
<runtime_tit>Runtime calculator</runtime_tit>
<runtime_dest>Additional moveable window</runtime_dest>
<runtime_info>Calculate the runtime of your troops between two destinations in a separate window. Functional with premium account only.</runtime_info>

<bt_calc>Calculate</bt_calc>

<!-- -->
<multimarket_tit>Multimarket</multimarket_tit>
<multimarket_dest>Additional moveable window</multimarket_dest>
<multimarket_info>Send resources immediately from freely selectable villages to a destination you want. Import and update proceeds in your player info page. Clicking the "Profile“ link opens up an additional link labeled "Update multimarket“. A click on it updates the list of your villages.</multimarket_info>

<bt_update>Update multimarket</bt_update>
<bt_mm_all>All</bt_mm_all>
<bt_mm_none>None</bt_mm_none>
<tit_dorf>Village name</tit_dorf>

<!-- =================================================== Buttons -->

<tit_extra_buttons>Additional Buttons</tit_extra_buttons>

<extrabuttons_tit>Additional buttons</extrabuttons_tit>
<extrabuttons_dest><img src='http://www.kingsage.de/img/arrow_right_raquo.png' /><img src='http://www.kingsage.de/img/arrow_right_raquo.png' /> Overviews</extrabuttons_dest>
<extrabuttons_info>Choose up to nine buttons to reach the desination with one click. Order, type and quantity are freely selectable. Functional with premium account only.</extrabuttons_info>

<extrabuttonstab_tit>Open destinations in a new tab</extrabuttonstab_tit>
<extrabuttonstab_dest><img src='http://www.kingsage.de/img/arrow_right_raquo.png' /><img src='http://www.kingsage.de/img/arrow_right_raquo.png' /> Overviews <img src='http://www.kingsage.de/img/arrow_right_raquo.png' /> Additional buttons</extrabuttonstab_dest>
<extrabuttonstab_info>Activate this function to open the destinations in a new browser-tab.</extrabuttonstab_info>

<extrabuttonsorder_tit>Order of buttons</extrabuttonsorder_tit>
<extrabuttonsorder_dest><img src='http://www.kingsage.de/img/arrow_right_raquo.png'><img src='http://www.kingsage.de/img/arrow_right_raquo.png'> Overviews <img src='http://www.kingsage.de/img/arrow_right_raquo.png'> Additional buttons</extrabuttonsorder_dest>
<extrabuttonsorder_info>Choose the buttons and their order of appearence.</extrabuttonsorder_info>

<op_burg>Castle</op_burg>
<op_markt>Market</op_markt>
<op_markta>Market acception</op_markta>
<op_bar>Barracks orders</op_bar>
<op_baraus>Recruitment</op_baraus>
<op_barfor>Barracks research</op_barfor>
<op_snob>Residence</op_snob>
<op_gold>Goldsmith</op_gold>
<op_map>Map</op_map>
<op_none>None</op_none>

<!-- =================================================== Functions -->

<tit_functions>Functions</tit_functions>

<highlighter_tit>Highlight village names</highlighter_tit>
<highlighter_dest><img src='http://www.kingsage.de/img/arrow_right_raquo.png' /><img src='http://www.kingsage.de/img/arrow_right_raquo.png' /> Overviews <img src='http://www.kingsage.de/img/arrow_right_raquo.png' /> Production, Troops</highlighter_dest>
<highlighter_info>Attacked and/or supported villages will be highlighted with different colours (Attack: Red, Defense arriving: Green, Both: Blue).</highlighter_info>

<!-- -->
<messagesaver_tit>Save messages & reports</messagesaver_tit>
<messagesaver_dest><img src='http://www.kingsage.de/img/arrow_right_raquo.png' /><img src='http://www.kingsage.de/img/arrow_right_raquo.png' /> Messages & Reports / Tools</messagesaver_dest>
<messagesaver_info>Save messages & reports with one click. Read and delete them in the Kingsage „Tools“.</messagesaver_info>

<tit_message>Message</tit_message>
<tit_report>Report</tit_report>
<bt_savereport>Save report</bt_savereport>
<bt_savemessage>Save message</bt_savemessage>
<bt_showreports>Show reports</bt_showreports>
<bt_showmessages>Show messages</bt_showmessages>
<bt_deletemessages>Delete message</bt_deletemessages>
<bt_deletereports>Delete report</bt_deletereports>
<al_stringerror>Text is too long or empty. 65 characters max.</al_stringerror>
<al_savedmessage>Message saved</al_savedmessage>
<al_savedreport>Report saved</al_savedreport>
<al_deletedmessages>Message deleted</al_deletedmessages>
<al_deletedreport>Report deleted</al_deletedreport>

<!-- -->
<villageinfo_tit>Minimap on village info page</villageinfo_tit>
<villageinfo_dest><img src='http://www.kingsage.de/img/arrow_right_raquo.png' /><img src='http://www.kingsage.de/img/arrow_right_raquo.png' /> Map <img src='http://www.kingsage.de/img/arrow_right_raquo.png' /> Village info </villageinfo_dest>
<villageinfo_info>Supplies a minimap into the village info page (works best with a preset of 9 x 9 sectors, 5 Pixel). This feature produces an additional letter symbol to contact the player directly.</villageinfo_info>

<tit_mapofregion>Region of the village</tit_mapofregion>

<!-- -->
<notizbalken_tit>Notebar</notizbalken_tit>
<notizbalken_dest>Everywhere</notizbalken_dest>
<notizbalken_info>Adds the possibility to note s.th. for each village.</notizbalken_info>

<tit_entry>Entry</tit_entry>

<!-- -->
<calc_tit>Recruitment calculator</calc_tit>
<calc_dest><img src='http://www.kingsage.de/img/arrow_right_raquo.png'><img src='http://www.kingsage.de/img/arrow_right_raquo.png'> Overviews <img src='http://www.kingsage.de/img/arrow_right_raquo.png'> Recruitment</calc_dest>
<calc_info>This function shows the necessary resources and settlers for recruitment at the bottom of the page.</calc_info>

<tit_calctitel>Needed resources</tit_calctitel>

<!-- -->
<fillin_tit>Resources</fillin_tit>
<fillin_dest><img src='http://www.kingsage.de/img/arrow_right_raquo.png' /><img src='http://www.kingsage.de/img/arrow_right_raquo.png' /> Market <img src='http://www.kingsage.de/img/arrow_right_raquo.png' /> Sending resources</fillin_dest>
<fillin_info>Fill in a desired quantity of resources to be recalled to the market page with one click as well as the coordinations used last.</fillin_info>

<tit_lastvil>Last village</tit_lastvil>

<!-- -->
<header_tit>Hide header</header_tit>
<header_dest><img src='http://www.kingsage.de/img/arrow_right_raquo.png' /><img src='http://www.kingsage.de/img/arrow_right_raquo.png' /> Everywhere (except on map)</header_dest>
<header_info>Hide the unnecessary header of Kingsage pages permanently ("Always") or as the case may be ("Button").</header_info>

<bt_hidetop>Hide header</bt_hidetop>
<tit_headeralways>Always</tit_headeralways>
<tit_headerbutton>Button</tit_headerbutton>

<!-- =================================================== Specials -->

<tit_special>Specials</tit_special>

<worldmap_tit>World map</worldmap_tit>
<worldmap_dest>Toolbox preferences</worldmap_dest>
<worldmap_info>Generate a complete world map composed of mini-maps (Important: Map settings - 9 x 9 sections, 5 pixel).</worldmap_info>

<tit_genworldmap>Generate</tit_genworldmap>
<al_worldmap>Have you set the minimap to 9x9 sectors with 5px?</al_worldmap>

<!-- -->
<attackalarm_tit>Alarm</attackalarm_tit>
<attackalarm_dest>Everywhere</attackalarm_dest>
<attackalarm_info>An acoustical and optical warning will appear in case of an attack against you. The alarm tone has to be reset ("Sound on") after each warning. (Attention: This function reloads your browser window every two minutes. Adobe-Flash has to be installed and enabled as well as your sound system.)</attackalarm_info>

<tit_sound>Sound on</tit_sound>
<tit_stop_sound>I noticed the attack. Stop the sound.</tit_stop_sound>

<!-- =================================================== Contact & Information -->

<tit_info_kontakt>Information & Contact</tit_info_kontakt>

<translatedby>Steffen Lilie</translatedby>
<tit_anzeigen>Show</tit_anzeigen>
<tit_contact>Contact</tit_contact>
<bt_overview>Overview</bt_overview>

<!-- ========================================= Version 3.54 ============== -->
<use_kes>Using KES userscript?</use_kes>
<use_kes_tit>KES userscript</use_kes_tit>
<use_kes_viewcombined>Combined view in the village overview</use_kes_viewcombined>
<use_kes_info>The newest version of KES userscript causes a collision with the toolbox in the combined view villge overview. To prevent this, disable KES or check the following box, so the ToolBox will not generate any buttons in the combined overview</use_kes_info>
<bt_reset>Reset all</bt_reset>
<bt_reset_info>Reset all settings to default values.</bt_reset_info>